***********************************************************************************
*                                                                                 *
*  PPPPPPPPPPPP    L               U           U   M           M         A        *
*  P           P   L               U           U   MM         MM        A A       *
*  P           P   L               U           U   M M       M M       A   A      *
*  P           P   L               U           U   M  M     M  M      A     A     *
*  P           P   L               U           U   M   M   M   M     A       A    *
*  PPPPPPPPPPPP    L               U           U   M    M M    M    A         A   *
*  P               L               U           U   M     M     M   AAAAAAAAAAAAA  *
*  P               L               U           U   M           M   A           A  *
*  P               L               U           U   M           M   A           A  *
*  P               LLLLLLLLLLLLL    UUUUUUUUUUU    M           M   A           A  *
*                                                                                 *
*            [Plu]gin-based [M]icrobiome [A]nalysis (formerly MiAMi)              *
* (C) 2016, 2018 Bioinformatics Research Group, Florida International University  *
*    Under MIT License From Open Source Initiative (OSI), All Rights Reserved.    *
*                                                                                 *
*    Any professionally published work using PluMA should cite the following:     *
*                        T. Cickovski and G. Narasimhan.                          *
*                Constructing Lightweight and Flexible Pipelines                  *
*                 Using Plugin-Based Microbiome Analysis (PluMA)                  *
*                     Bioinformatics 34(17):2881-2888, 2018                       *
*                                                                                 *
***********************************************************************************
[PluMA] Running Plugin: FASTQStats
reads	250
len	151
len mean	151.0000
len stdev	0.0000
len min	151
phred	33
window-size	250
cycle-max	35
qual min	2
qual max	37
qual mean	35.4834
qual stdev	6.2510
%A	22.6857
%C	25.9429
%G	25.9657
%T	23.0286
%N	2.3771
total bases	37750
